▲ Next.js 16.3.1 (Turbopack)
⚠ Warning: Next.js inferred your workspace root, but it may not be correct.
 We detected multiple lockfiles and selected the directory of D:\projects\projects\products\clipzard\package-lock.json as the root directory.
 To silence this warning, set `turbopack.root` in your Next.js config, or consider removing one of the lockfiles if it's not needed.
   See https://nextjs.org/docs/app/api-reference/config/next-config-js/turbopack#root-directory for more information.
 Detected additional lockfiles: 
   * D:\projects\projects\products\clipzard\web\package-lock.json

✓ Running next.config.ts took 42ms

⚠ The "middleware" file convention is deprecated. Please use "proxy" instead.

  To migrate automatically, run:
  npx @next/codemod@canary middleware-to-proxy .

  Learn more: https://nextjs.org/docs/messages/middleware-to-proxy
  Creating an optimized production build ...
✓ Compiled successfully in 1248ms
  Running TypeScript ...
  Finished TypeScript in 5.2s ...
  Collecting page data using 11 workers ...
  Generating static pages using 11 workers (0/21) ...
  Generating static pages using 11 workers (5/21) 
  Generating static pages using 11 workers (10/21) 
  Generating static pages using 11 workers (15/21) 
✓ Generating static pages using 11 workers (21/21) in 713ms
  Finalizing page optimization ...

Route (app)
┌ ○ /
├ ○ /_not-found
├ ○ /account
├ ○ /admin
├ ○ /admin/updates
├ ƒ /api/license/verify
├ ○ /app/accept-terms
├ ○ /app/billing
├ ○ /app/dashboard
├ ○ /app/login
├ ƒ /app/projects/[id]
├ ○ /app/register
├ ○ /app/settings
├ ○ /apple-icon.png
├ ○ /icon.png
├ ○ /icon.svg
├ ○ /privacy
├ ○ /robots.txt
├ ○ /sitemap.xml
└ ○ /terms


ƒ Proxy (Middleware)

○  (Static)   prerendered as static content
ƒ  (Dynamic)  server-rendered on demand

